============================================================
  Generated by:           Genus(TM) Synthesis Solution 23.13-s073_1
  Generated on:           Jun 11 2025  01:27:04 pm
  Module:                 axis_sa
  Operating conditions:   ssg_cworstt_max_0p72v_125c 
  Interconnect mode:      global
  Area mode:              physical library
============================================================

Timing
--------

  Analysis view  Clock Period 
------------------------------
wc_analysis_view CLK   2000.0 


    Analysis       Cost   Critical        Violating 
      View        Group  Path Slack  TNS    Paths   
----------------------------------------------------
wc_analysis_view     CLK   No paths  0.0          0 
                 default   No paths  0.0          0 
                  in2out   No paths  0.0          0 
                  in2reg   No paths  0.0          0 
                 reg2out   No paths  0.0          0 
                 reg2reg   No paths  0.0          0 
----------------------------------------------------
Total                               -0.0          0 
                                                    

Instance Count
--------------
Leaf Instance Count             15522 
Physical Instance count             0 
Sequential Instance Count        2029 
Combinational Instance Count    13493 
Hierarchical Instance Count       261 

Area
----
Cell Area                          22464.459
Physical Cell Area                 0.000
Total Cell Area (Cell+Physical)    22464.459
Net Area                           16.900
Total Area (Cell+Physical+Net)     22481.359

Power
-----
Leakage Power                      2952808.915 nW
Dynamic Power                      54543.007 nW
Total Power                        3007351.922 nW

Max Fanout                         2029 (clk)
Min Fanout                         0 (n_891)
Average Fanout                     1.9
Terms to net ratio                 3.0758
Terms to instance ratio            3.6007
Runtime                            23.111001 seconds
Elapsed Runtime                    36 seconds
Genus peak memory usage            2163.06 
Innovus peak memory usage          no_value 
Hostname                           mun
