Command: report datapath /work/axis-systolic-array/run/work/../../tcl/asic/reports/synthesis//4_post_syn_opt_rtl_flow/report_dp.rpt
Warning: '-sort' is not specified. By default, 'report datapath' orders the components based on instance name
============================================================
  Generated by:           Genus(TM) Synthesis Solution 23.13-s073_1
  Generated on:           Jun 11 2025  01:27:03 pm
  Module:                 axis_sa
  Operating conditions:   ssg_cworstt_max_0p72v_125c 
  Interconnect mode:      global
  Area mode:              physical library
============================================================


Inferred components

        Operator Signedness     Architecture    Inputs Outputs CellArea LogicLevels 
====================================================================================
axis_sa/AR[0].AC[0].ACC
add_31_50 module:add_signed
            +    signed     very_fast           12x16  16        164.68          11 
====================================================================================
axis_sa/AR[0].AC[1].ACC
add_31_50 module:add_signed
            +    signed     very_fast           12x16  16        164.68          11 
====================================================================================
axis_sa/AR[0].AC[2].ACC
add_31_50 module:add_signed
            +    signed     very_fast           12x16  16        164.68          11 
====================================================================================
axis_sa/AR[0].AC[3].ACC
add_31_50 module:add_signed
            +    signed     very_fast           12x16  16        164.68          11 
====================================================================================
axis_sa/AR[0].AC[4].ACC
add_31_50 module:add_signed
            +    signed     very_fast           12x16  16        164.68          11 
====================================================================================
axis_sa/AR[0].AC[5].ACC
add_31_50 module:add_signed
            +    signed     very_fast           12x16  16        164.68          11 
====================================================================================
axis_sa/AR[0].AC[6].ACC
add_31_50 module:add_signed
            +    signed     very_fast           12x16  16        164.68          11 
====================================================================================
axis_sa/AR[0].AC[7].ACC
add_31_50 module:add_signed
            +    signed     very_fast           12x16  16        164.68          11 
====================================================================================
axis_sa/AR[1].AC[0].ACC
add_31_50 module:add_signed
            +    signed     very_fast           12x16  16        164.68          11 
====================================================================================
axis_sa/AR[1].AC[1].ACC
add_31_50 module:add_signed
            +    signed     very_fast           12x16  16        164.68          11 
====================================================================================
axis_sa/AR[1].AC[2].ACC
add_31_50 module:add_signed
            +    signed     very_fast           12x16  16        164.68          11 
====================================================================================
axis_sa/AR[1].AC[3].ACC
add_31_50 module:add_signed
            +    signed     very_fast           12x16  16        164.68          11 
====================================================================================
axis_sa/AR[1].AC[4].ACC
add_31_50 module:add_signed
            +    signed     very_fast           12x16  16        164.68          11 
====================================================================================
axis_sa/AR[1].AC[5].ACC
add_31_50 module:add_signed
            +    signed     very_fast           12x16  16        164.68          11 
====================================================================================
axis_sa/AR[1].AC[6].ACC
add_31_50 module:add_signed
            +    signed     very_fast           12x16  16        164.68          11 
====================================================================================
axis_sa/AR[1].AC[7].ACC
add_31_50 module:add_signed
            +    signed     very_fast           12x16  16        164.68          11 
====================================================================================
axis_sa/AR[2].AC[0].ACC
add_31_50 module:add_signed
            +    signed     very_fast           12x16  16        164.68          11 
====================================================================================
axis_sa/AR[2].AC[1].ACC
add_31_50 module:add_signed
            +    signed     very_fast           12x16  16        164.68          11 
====================================================================================
axis_sa/AR[2].AC[2].ACC
add_31_50 module:add_signed
            +    signed     very_fast           12x16  16        164.68          11 
====================================================================================
axis_sa/AR[2].AC[3].ACC
add_31_50 module:add_signed
            +    signed     very_fast           12x16  16        164.68          11 
====================================================================================
axis_sa/AR[2].AC[4].ACC
add_31_50 module:add_signed
            +    signed     very_fast           12x16  16        164.68          11 
====================================================================================
axis_sa/AR[2].AC[5].ACC
add_31_50 module:add_signed
            +    signed     very_fast           12x16  16        164.68          11 
====================================================================================
axis_sa/AR[2].AC[6].ACC
add_31_50 module:add_signed
            +    signed     very_fast           12x16  16        164.68          11 
====================================================================================
axis_sa/AR[2].AC[7].ACC
add_31_50 module:add_signed
            +    signed     very_fast           12x16  16        164.68          11 
====================================================================================
axis_sa/AR[3].AC[0].ACC
add_31_50 module:add_signed
            +    signed     very_fast           12x16  16        164.68          11 
====================================================================================
axis_sa/AR[3].AC[1].ACC
add_31_50 module:add_signed
            +    signed     very_fast           12x16  16        164.68          11 
====================================================================================
axis_sa/AR[3].AC[2].ACC
add_31_50 module:add_signed
            +    signed     very_fast           12x16  16        164.68          11 
====================================================================================
axis_sa/AR[3].AC[3].ACC
add_31_50 module:add_signed
            +    signed     very_fast           12x16  16        164.68          11 
====================================================================================
axis_sa/AR[3].AC[4].ACC
add_31_50 module:add_signed
            +    signed     very_fast           12x16  16        164.68          11 
====================================================================================
axis_sa/AR[3].AC[5].ACC
add_31_50 module:add_signed
            +    signed     very_fast           12x16  16        164.68          11 
====================================================================================
axis_sa/AR[3].AC[6].ACC
add_31_50 module:add_signed
            +    signed     very_fast           12x16  16        164.68          11 
====================================================================================
axis_sa/AR[3].AC[7].ACC
add_31_50 module:add_signed
            +    signed     very_fast           12x16  16        164.68          11 
====================================================================================
axis_sa/MR[0].MC[0].MUL
mul_15_35 module:mult_signed
            *    signed     very_fast/non_booth 4x8    12        225.01          14 
====================================================================================
axis_sa/MR[0].MC[1].MUL
mul_15_35 module:mult_signed
            *    signed     very_fast/non_booth 4x8    12        225.01          14 
====================================================================================
axis_sa/MR[0].MC[2].MUL
mul_15_35 module:mult_signed
            *    signed     very_fast/non_booth 4x8    12        225.01          14 
====================================================================================
axis_sa/MR[0].MC[3].MUL
mul_15_35 module:mult_signed
            *    signed     very_fast/non_booth 4x8    12        225.01          14 
====================================================================================
axis_sa/MR[0].MC[4].MUL
mul_15_35 module:mult_signed
            *    signed     very_fast/non_booth 4x8    12        225.01          14 
====================================================================================
axis_sa/MR[0].MC[5].MUL
mul_15_35 module:mult_signed
            *    signed     very_fast/non_booth 4x8    12        225.01          14 
====================================================================================
axis_sa/MR[0].MC[6].MUL
mul_15_35 module:mult_signed
            *    signed     very_fast/non_booth 4x8    12        225.01          14 
====================================================================================
axis_sa/MR[0].MC[7].MUL
mul_15_35 module:mult_signed
            *    signed     very_fast/non_booth 4x8    12        225.01          14 
====================================================================================
axis_sa/MR[1].MC[0].MUL
mul_15_35 module:mult_signed
            *    signed     very_fast/non_booth 4x8    12        225.01          14 
====================================================================================
axis_sa/MR[1].MC[1].MUL
mul_15_35 module:mult_signed
            *    signed     very_fast/non_booth 4x8    12        225.01          14 
====================================================================================
axis_sa/MR[1].MC[2].MUL
mul_15_35 module:mult_signed
            *    signed     very_fast/non_booth 4x8    12        225.01          14 
====================================================================================
axis_sa/MR[1].MC[3].MUL
mul_15_35 module:mult_signed
            *    signed     very_fast/non_booth 4x8    12        225.01          14 
====================================================================================
axis_sa/MR[1].MC[4].MUL
mul_15_35 module:mult_signed
            *    signed     very_fast/non_booth 4x8    12        225.01          14 
====================================================================================
axis_sa/MR[1].MC[5].MUL
mul_15_35 module:mult_signed
            *    signed     very_fast/non_booth 4x8    12        225.01          14 
====================================================================================
axis_sa/MR[1].MC[6].MUL
mul_15_35 module:mult_signed
            *    signed     very_fast/non_booth 4x8    12        225.01          14 
====================================================================================
axis_sa/MR[1].MC[7].MUL
mul_15_35 module:mult_signed
            *    signed     very_fast/non_booth 4x8    12        225.01          14 
====================================================================================
axis_sa/MR[2].MC[0].MUL
mul_15_35 module:mult_signed
            *    signed     very_fast/non_booth 4x8    12        225.01          14 
====================================================================================
axis_sa/MR[2].MC[1].MUL
mul_15_35 module:mult_signed
            *    signed     very_fast/non_booth 4x8    12        225.01          14 
====================================================================================
axis_sa/MR[2].MC[2].MUL
mul_15_35 module:mult_signed
            *    signed     very_fast/non_booth 4x8    12        225.01          14 
====================================================================================
axis_sa/MR[2].MC[3].MUL
mul_15_35 module:mult_signed
            *    signed     very_fast/non_booth 4x8    12        225.01          14 
====================================================================================
axis_sa/MR[2].MC[4].MUL
mul_15_35 module:mult_signed
            *    signed     very_fast/non_booth 4x8    12        225.01          14 
====================================================================================
axis_sa/MR[2].MC[5].MUL
mul_15_35 module:mult_signed
            *    signed     very_fast/non_booth 4x8    12        225.01          14 
====================================================================================
axis_sa/MR[2].MC[6].MUL
mul_15_35 module:mult_signed
            *    signed     very_fast/non_booth 4x8    12        225.01          14 
====================================================================================
axis_sa/MR[2].MC[7].MUL
mul_15_35 module:mult_signed
            *    signed     very_fast/non_booth 4x8    12        225.01          14 
====================================================================================
axis_sa/MR[3].MC[0].MUL
mul_15_35 module:mult_signed
            *    signed     very_fast/non_booth 4x8    12        225.01          14 
====================================================================================
axis_sa/MR[3].MC[1].MUL
mul_15_35 module:mult_signed
            *    signed     very_fast/non_booth 4x8    12        225.01          14 
====================================================================================
axis_sa/MR[3].MC[2].MUL
mul_15_35 module:mult_signed
            *    signed     very_fast/non_booth 4x8    12        225.01          14 
====================================================================================
axis_sa/MR[3].MC[3].MUL
mul_15_35 module:mult_signed
            *    signed     very_fast/non_booth 4x8    12        225.01          14 
====================================================================================
axis_sa/MR[3].MC[4].MUL
mul_15_35 module:mult_signed
            *    signed     very_fast/non_booth 4x8    12        225.01          14 
====================================================================================
axis_sa/MR[3].MC[5].MUL
mul_15_35 module:mult_signed
            *    signed     very_fast/non_booth 4x8    12        225.01          14 
====================================================================================
axis_sa/MR[3].MC[6].MUL
mul_15_35 module:mult_signed
            *    signed     very_fast/non_booth 4x8    12        225.01          14 
====================================================================================
axis_sa/MR[3].MC[7].MUL
mul_15_35 module:mult_signed
            *    signed     very_fast/non_booth 4x8    12        225.01          14 
====================================================================================
axis_sa
eq0016725 module:equal_unsigned
           ==    unsigned   very_fast           11x1   1           9.24           3 
====================================================================================

      Type       CellArea Percentage 
-------------------------------------
datapath modules 12479.59      55.55 
external muxes    2095.78       9.33 
others            7889.09      35.12 
-------------------------------------
total            22464.46     100.00 

