============================================================
  Generated by:           Genus(TM) Synthesis Solution 23.13-s073_1
  Generated on:           Jun 11 2025  01:27:03 pm
  Module:                 axis_sa
  Operating conditions:   ssg_cworstt_max_0p72v_125c 
  Interconnect mode:      global
  Area mode:              physical library
============================================================

 
  Hierarchy Report Format : 
 
    level instance ( module ) <status>
 
    status :    preserve_<value> -- indicating preserve hierachy or inherited_preserve value
           :    blackbox --  indicating  unresolved instance
 
==================================================================

 0 axis_sa
  1 TRI_X ( tri_buffer_W4_N4 ) 
  1 TRI_K ( tri_buffer_W8_N8 ) 
  1 VALID ( n_delay_N13_W1 ) 
  1 VLAST ( n_delay_N13_W1 ) 
  1 MR[0].MC[0].MUL ( mul_WX4_WK8_L1 ) 
     2 mac_delay ( n_delay_N0_W12 ) 
     2 mul_15_35 ( mult_signed ) 
  1 MR[0].MC[1].MUL ( mul_WX4_WK8_L1 ) 
     2 mac_delay ( n_delay_N0_W12 ) 
     2 mul_15_35 ( mult_signed ) 
  1 MR[0].MC[2].MUL ( mul_WX4_WK8_L1 ) 
     2 mac_delay ( n_delay_N0_W12 ) 
     2 mul_15_35 ( mult_signed ) 
  1 MR[0].MC[3].MUL ( mul_WX4_WK8_L1 ) 
     2 mac_delay ( n_delay_N0_W12 ) 
     2 mul_15_35 ( mult_signed ) 
  1 MR[0].MC[4].MUL ( mul_WX4_WK8_L1 ) 
     2 mac_delay ( n_delay_N0_W12 ) 
     2 mul_15_35 ( mult_signed ) 
  1 MR[0].MC[5].MUL ( mul_WX4_WK8_L1 ) 
     2 mac_delay ( n_delay_N0_W12 ) 
     2 mul_15_35 ( mult_signed ) 
  1 MR[0].MC[6].MUL ( mul_WX4_WK8_L1 ) 
     2 mac_delay ( n_delay_N0_W12 ) 
     2 mul_15_35 ( mult_signed ) 
  1 MR[0].MC[7].MUL ( mul_WX4_WK8_L1 ) 
     2 mac_delay ( n_delay_N0_W12 ) 
     2 mul_15_35 ( mult_signed ) 
  1 MR[1].MC[0].MUL ( mul_WX4_WK8_L1 ) 
     2 mac_delay ( n_delay_N0_W12 ) 
     2 mul_15_35 ( mult_signed ) 
  1 MR[1].MC[1].MUL ( mul_WX4_WK8_L1 ) 
     2 mac_delay ( n_delay_N0_W12 ) 
     2 mul_15_35 ( mult_signed ) 
  1 MR[1].MC[2].MUL ( mul_WX4_WK8_L1 ) 
     2 mac_delay ( n_delay_N0_W12 ) 
     2 mul_15_35 ( mult_signed ) 
  1 MR[1].MC[3].MUL ( mul_WX4_WK8_L1 ) 
     2 mac_delay ( n_delay_N0_W12 ) 
     2 mul_15_35 ( mult_signed ) 
  1 MR[1].MC[4].MUL ( mul_WX4_WK8_L1 ) 
     2 mac_delay ( n_delay_N0_W12 ) 
     2 mul_15_35 ( mult_signed ) 
  1 MR[1].MC[5].MUL ( mul_WX4_WK8_L1 ) 
     2 mac_delay ( n_delay_N0_W12 ) 
     2 mul_15_35 ( mult_signed ) 
  1 MR[1].MC[6].MUL ( mul_WX4_WK8_L1 ) 
     2 mac_delay ( n_delay_N0_W12 ) 
     2 mul_15_35 ( mult_signed ) 
  1 MR[1].MC[7].MUL ( mul_WX4_WK8_L1 ) 
     2 mac_delay ( n_delay_N0_W12 ) 
     2 mul_15_35 ( mult_signed ) 
  1 MR[2].MC[0].MUL ( mul_WX4_WK8_L1 ) 
     2 mac_delay ( n_delay_N0_W12 ) 
     2 mul_15_35 ( mult_signed ) 
  1 MR[2].MC[1].MUL ( mul_WX4_WK8_L1 ) 
     2 mac_delay ( n_delay_N0_W12 ) 
     2 mul_15_35 ( mult_signed ) 
  1 MR[2].MC[2].MUL ( mul_WX4_WK8_L1 ) 
     2 mac_delay ( n_delay_N0_W12 ) 
     2 mul_15_35 ( mult_signed ) 
  1 MR[2].MC[3].MUL ( mul_WX4_WK8_L1 ) 
     2 mac_delay ( n_delay_N0_W12 ) 
     2 mul_15_35 ( mult_signed ) 
  1 MR[2].MC[4].MUL ( mul_WX4_WK8_L1 ) 
     2 mac_delay ( n_delay_N0_W12 ) 
     2 mul_15_35 ( mult_signed ) 
  1 MR[2].MC[5].MUL ( mul_WX4_WK8_L1 ) 
     2 mac_delay ( n_delay_N0_W12 ) 
     2 mul_15_35 ( mult_signed ) 
  1 MR[2].MC[6].MUL ( mul_WX4_WK8_L1 ) 
     2 mac_delay ( n_delay_N0_W12 ) 
     2 mul_15_35 ( mult_signed ) 
  1 MR[2].MC[7].MUL ( mul_WX4_WK8_L1 ) 
     2 mac_delay ( n_delay_N0_W12 ) 
     2 mul_15_35 ( mult_signed ) 
  1 MR[3].MC[0].MUL ( mul_WX4_WK8_L1 ) 
     2 mac_delay ( n_delay_N0_W12 ) 
     2 mul_15_35 ( mult_signed ) 
  1 MR[3].MC[1].MUL ( mul_WX4_WK8_L1 ) 
     2 mac_delay ( n_delay_N0_W12 ) 
     2 mul_15_35 ( mult_signed ) 
  1 MR[3].MC[2].MUL ( mul_WX4_WK8_L1 ) 
     2 mac_delay ( n_delay_N0_W12 ) 
     2 mul_15_35 ( mult_signed ) 
  1 MR[3].MC[3].MUL ( mul_WX4_WK8_L1 ) 
     2 mac_delay ( n_delay_N0_W12 ) 
     2 mul_15_35 ( mult_signed ) 
  1 MR[3].MC[4].MUL ( mul_WX4_WK8_L1 ) 
     2 mac_delay ( n_delay_N0_W12 ) 
     2 mul_15_35 ( mult_signed ) 
  1 MR[3].MC[5].MUL ( mul_WX4_WK8_L1 ) 
     2 mac_delay ( n_delay_N0_W12 ) 
     2 mul_15_35 ( mult_signed ) 
  1 MR[3].MC[6].MUL ( mul_WX4_WK8_L1 ) 
     2 mac_delay ( n_delay_N0_W12 ) 
     2 mul_15_35 ( mult_signed ) 
  1 MR[3].MC[7].MUL ( mul_WX4_WK8_L1 ) 
     2 mac_delay ( n_delay_N0_W12 ) 
     2 mul_15_35 ( mult_signed ) 
  1 AR[0].AC[0].ACC ( acc_WX12_WY16_L1 ) 
     2 mac_delay ( n_delay_N0_W16 ) 
     2 add_31_50 ( add_signed ) 
     2 mux_31_60 ( bmux_74 ) 
  1 AR[0].AC[1].ACC ( acc_WX12_WY16_L1 ) 
     2 mac_delay ( n_delay_N0_W16 ) 
     2 add_31_50 ( add_signed ) 
     2 mux_31_60 ( bmux_74 ) 
  1 AR[0].AC[2].ACC ( acc_WX12_WY16_L1 ) 
     2 mac_delay ( n_delay_N0_W16 ) 
     2 add_31_50 ( add_signed ) 
     2 mux_31_60 ( bmux_74 ) 
  1 AR[0].AC[3].ACC ( acc_WX12_WY16_L1 ) 
     2 mac_delay ( n_delay_N0_W16 ) 
     2 add_31_50 ( add_signed ) 
     2 mux_31_60 ( bmux_74 ) 
  1 AR[0].AC[4].ACC ( acc_WX12_WY16_L1 ) 
     2 mac_delay ( n_delay_N0_W16 ) 
     2 add_31_50 ( add_signed ) 
     2 mux_31_60 ( bmux_74 ) 
  1 AR[0].AC[5].ACC ( acc_WX12_WY16_L1 ) 
     2 mac_delay ( n_delay_N0_W16 ) 
     2 add_31_50 ( add_signed ) 
     2 mux_31_60 ( bmux_74 ) 
  1 AR[0].AC[6].ACC ( acc_WX12_WY16_L1 ) 
     2 mac_delay ( n_delay_N0_W16 ) 
     2 add_31_50 ( add_signed ) 
     2 mux_31_60 ( bmux_74 ) 
  1 AR[0].AC[7].ACC ( acc_WX12_WY16_L1 ) 
     2 mac_delay ( n_delay_N0_W16 ) 
     2 add_31_50 ( add_signed ) 
     2 mux_31_60 ( bmux_74 ) 
  1 AR[1].AC[0].ACC ( acc_WX12_WY16_L1 ) 
     2 mac_delay ( n_delay_N0_W16 ) 
     2 add_31_50 ( add_signed ) 
     2 mux_31_60 ( bmux_74 ) 
  1 AR[1].AC[1].ACC ( acc_WX12_WY16_L1 ) 
     2 mac_delay ( n_delay_N0_W16 ) 
     2 add_31_50 ( add_signed ) 
     2 mux_31_60 ( bmux_74 ) 
  1 AR[1].AC[2].ACC ( acc_WX12_WY16_L1 ) 
     2 mac_delay ( n_delay_N0_W16 ) 
     2 add_31_50 ( add_signed ) 
     2 mux_31_60 ( bmux_74 ) 
  1 AR[1].AC[3].ACC ( acc_WX12_WY16_L1 ) 
     2 mac_delay ( n_delay_N0_W16 ) 
     2 add_31_50 ( add_signed ) 
     2 mux_31_60 ( bmux_74 ) 
  1 AR[1].AC[4].ACC ( acc_WX12_WY16_L1 ) 
     2 mac_delay ( n_delay_N0_W16 ) 
     2 add_31_50 ( add_signed ) 
     2 mux_31_60 ( bmux_74 ) 
  1 AR[1].AC[5].ACC ( acc_WX12_WY16_L1 ) 
     2 mac_delay ( n_delay_N0_W16 ) 
     2 add_31_50 ( add_signed ) 
     2 mux_31_60 ( bmux_74 ) 
  1 AR[1].AC[6].ACC ( acc_WX12_WY16_L1 ) 
     2 mac_delay ( n_delay_N0_W16 ) 
     2 add_31_50 ( add_signed ) 
     2 mux_31_60 ( bmux_74 ) 
  1 AR[1].AC[7].ACC ( acc_WX12_WY16_L1 ) 
     2 mac_delay ( n_delay_N0_W16 ) 
     2 add_31_50 ( add_signed ) 
     2 mux_31_60 ( bmux_74 ) 
  1 AR[2].AC[0].ACC ( acc_WX12_WY16_L1 ) 
     2 mac_delay ( n_delay_N0_W16 ) 
     2 add_31_50 ( add_signed ) 
     2 mux_31_60 ( bmux_74 ) 
  1 AR[2].AC[1].ACC ( acc_WX12_WY16_L1 ) 
     2 mac_delay ( n_delay_N0_W16 ) 
     2 add_31_50 ( add_signed ) 
     2 mux_31_60 ( bmux_74 ) 
  1 AR[2].AC[2].ACC ( acc_WX12_WY16_L1 ) 
     2 mac_delay ( n_delay_N0_W16 ) 
     2 add_31_50 ( add_signed ) 
     2 mux_31_60 ( bmux_74 ) 
  1 AR[2].AC[3].ACC ( acc_WX12_WY16_L1 ) 
     2 mac_delay ( n_delay_N0_W16 ) 
     2 add_31_50 ( add_signed ) 
     2 mux_31_60 ( bmux_74 ) 
  1 AR[2].AC[4].ACC ( acc_WX12_WY16_L1 ) 
     2 mac_delay ( n_delay_N0_W16 ) 
     2 add_31_50 ( add_signed ) 
     2 mux_31_60 ( bmux_74 ) 
  1 AR[2].AC[5].ACC ( acc_WX12_WY16_L1 ) 
     2 mac_delay ( n_delay_N0_W16 ) 
     2 add_31_50 ( add_signed ) 
     2 mux_31_60 ( bmux_74 ) 
  1 AR[2].AC[6].ACC ( acc_WX12_WY16_L1 ) 
     2 mac_delay ( n_delay_N0_W16 ) 
     2 add_31_50 ( add_signed ) 
     2 mux_31_60 ( bmux_74 ) 
  1 AR[2].AC[7].ACC ( acc_WX12_WY16_L1 ) 
     2 mac_delay ( n_delay_N0_W16 ) 
     2 add_31_50 ( add_signed ) 
     2 mux_31_60 ( bmux_74 ) 
  1 AR[3].AC[0].ACC ( acc_WX12_WY16_L1 ) 
     2 mac_delay ( n_delay_N0_W16 ) 
     2 add_31_50 ( add_signed ) 
     2 mux_31_60 ( bmux_74 ) 
  1 AR[3].AC[1].ACC ( acc_WX12_WY16_L1 ) 
     2 mac_delay ( n_delay_N0_W16 ) 
     2 add_31_50 ( add_signed ) 
     2 mux_31_60 ( bmux_74 ) 
  1 AR[3].AC[2].ACC ( acc_WX12_WY16_L1 ) 
     2 mac_delay ( n_delay_N0_W16 ) 
     2 add_31_50 ( add_signed ) 
     2 mux_31_60 ( bmux_74 ) 
  1 AR[3].AC[3].ACC ( acc_WX12_WY16_L1 ) 
     2 mac_delay ( n_delay_N0_W16 ) 
     2 add_31_50 ( add_signed ) 
     2 mux_31_60 ( bmux_74 ) 
  1 AR[3].AC[4].ACC ( acc_WX12_WY16_L1 ) 
     2 mac_delay ( n_delay_N0_W16 ) 
     2 add_31_50 ( add_signed ) 
     2 mux_31_60 ( bmux_74 ) 
  1 AR[3].AC[5].ACC ( acc_WX12_WY16_L1 ) 
     2 mac_delay ( n_delay_N0_W16 ) 
     2 add_31_50 ( add_signed ) 
     2 mux_31_60 ( bmux_74 ) 
  1 AR[3].AC[6].ACC ( acc_WX12_WY16_L1 ) 
     2 mac_delay ( n_delay_N0_W16 ) 
     2 add_31_50 ( add_signed ) 
     2 mux_31_60 ( bmux_74 ) 
  1 AR[3].AC[7].ACC ( acc_WX12_WY16_L1 ) 
     2 mac_delay ( n_delay_N0_W16 ) 
     2 add_31_50 ( add_signed ) 
     2 mux_31_60 ( bmux_74 ) 
  1 eq0016725 ( equal_unsigned ) 
  1 mux_ro[3][7]_124_20 ( bmux_74 ) 
  1 mux_ro[3][1]_124_20 ( bmux_74 ) 
  1 mux_ro[3][2]_124_20 ( bmux_74 ) 
  1 mux_ro[3][3]_124_20 ( bmux_74 ) 
  1 mux_ro[3][4]_124_20 ( bmux_74 ) 
  1 mux_ro[3][5]_124_20 ( bmux_74 ) 
  1 mux_ro[3][6]_124_20 ( bmux_74 ) 
  1 mux_ro[2][1]_124_20 ( bmux_74 ) 
  1 mux_ro[2][2]_124_20 ( bmux_74 ) 
  1 mux_ro[2][3]_124_20 ( bmux_74 ) 
  1 mux_ro[2][4]_124_20 ( bmux_74 ) 
  1 mux_ro[2][5]_124_20 ( bmux_74 ) 
  1 mux_ro[2][6]_124_20 ( bmux_74 ) 
  1 mux_ro[2][7]_124_20 ( bmux_74 ) 
  1 mux_ro[1][1]_124_20 ( bmux_74 ) 
  1 mux_ro[1][2]_124_20 ( bmux_74 ) 
  1 mux_ro[1][3]_124_20 ( bmux_74 ) 
  1 mux_ro[1][4]_124_20 ( bmux_74 ) 
  1 mux_ro[1][5]_124_20 ( bmux_74 ) 
  1 mux_ro[1][6]_124_20 ( bmux_74 ) 
  1 mux_ro[1][7]_124_20 ( bmux_74 ) 
  1 mux_ro[0][1]_124_20 ( bmux_74 ) 
  1 mux_ro[0][2]_124_20 ( bmux_74 ) 
  1 mux_ro[0][3]_124_20 ( bmux_74 ) 
  1 mux_ro[0][4]_124_20 ( bmux_74 ) 
  1 mux_ro[0][5]_124_20 ( bmux_74 ) 
  1 mux_ro[0][6]_124_20 ( bmux_74 ) 
  1 mux_ro[0][7]_124_20 ( bmux_74 ) 
  1 mux_r_last_96_24 ( bmux_34 ) 
  1 mux_r_last_96_279 ( bmux_34 ) 
  1 mux_r_last_96_281 ( bmux_34 ) 
  1 mux_r_last_96_283 ( bmux_34 ) 
