VERIFY_CONNECTIVITY use new engine.

******** Start: VERIFY CONNECTIVITY ********
Start Time: Tue Jun 24 07:50:48 2025

Design Name: axis_sa
Database Units: 2000
Design Boundary: (0.0000, 0.0000) (200.2000, 159.7400)
Error Limit = 1000; Warning Limit = 50
Check all nets
Use 8 pthreads
Net n_2684: has an unconnected terminal, has regular routing with opens, dangling Wire.
Net n_2773: has an unconnected terminal, has regular routing with opens, dangling Wire.
Net n_2953: has an unconnected terminal, has regular routing with opens, dangling Wire.
Net n_2950: has an unconnected terminal, has regular routing with opens, dangling Wire.
Net n_3017: has an unconnected terminal, has regular routing with opens, dangling Wire.
Net n_3018: has an unconnected terminal, has regular routing with opens, dangling Wire.
Net place_opt_net_FE_OFN2_s_ready: has an unconnected terminal, has regular routing with opens, dangling Wire.
Net n_2968: has an unconnected terminal, has regular routing with opens, dangling Wire.
Net n_3597: has an unconnected terminal, has regular routing with opens, dangling Wire.
Net n_2951: has an unconnected terminal, has regular routing with opens, dangling Wire.
Net n_2952: has an unconnected terminal, has regular routing with opens, dangling Wire.
Net n_3576: has an unconnected terminal, has regular routing with opens, dangling Wire.
Net n_2979: has an unconnected terminal, has regular routing with opens.
Net n_3586: has an unconnected terminal, has regular routing with opens, dangling Wire.
Net n_2981: has an unconnected terminal, has regular routing with opens.
Net n_3639: has an unconnected terminal, has regular routing with opens, dangling Wire.
Net n_3736: has an unconnected terminal, has regular routing with opens, dangling Wire.
Net n_3718: has an unconnected terminal, has regular routing with opens, dangling Wire.
Net n_3020: has an unconnected terminal, has regular routing with opens, dangling Wire.
Net n_3752: has an unconnected terminal, has regular routing with opens, dangling Wire.
Net n_3569: has an unconnected terminal, has regular routing with opens, dangling Wire.
Net n_3027: has an unconnected terminal, has regular routing with opens, dangling Wire.
Net n_3814: has an unconnected terminal, has regular routing with opens, dangling Wire.
Net n_3745: has an unconnected terminal, has regular routing with opens, dangling Wire.
Net n_4045: has an unconnected terminal, has regular routing with opens, dangling Wire.
Net n_3800: has an unconnected terminal, has regular routing with opens, dangling Wire.
Net n_3699: has an unconnected terminal, has regular routing with opens, dangling Wire.
Net n_4160: has an unconnected terminal, has regular routing with opens, dangling Wire.
Net n_3739: has an unconnected terminal, has regular routing with opens, dangling Wire.
Net n_3913: has an unconnected terminal, has regular routing with opens, dangling Wire.
Net n_3869: has an unconnected terminal, has regular routing with opens, dangling Wire.
Net n_3870: has an unconnected terminal, has regular routing with opens, dangling Wire.
Net n_4296: has an unconnected terminal, has regular routing with opens, dangling Wire.
Net n_4238: has an unconnected terminal, has regular routing with opens, dangling Wire.
Net n_4323: has an unconnected terminal, has regular routing with opens.
Net n_4471: has an unconnected terminal, has regular routing with opens, dangling Wire.
Net place_opt_net_FE_OFN60_place_opt_net_FE_DBTN0_n_2948: has an unconnected terminal, has regular routing with opens.
Net n_4063: dangling Wire.
Net cts_opt_net_FE_OFN2975_place_opt_net_FE_OFN60_place_opt_net_FE_DBTN0_n_2948: has an unconnected terminal, has regular routing with opens, dangling Wire.
Net cts_opt_net_FE_OFN2979_place_opt_net_FE_OFN60_place_opt_net_FE_DBTN0_n_2948: has an unconnected terminal, has regular routing with opens.
Net n_4300: has an unconnected terminal, has regular routing with opens, dangling Wire.
Net CTS_4: has an unconnected terminal, has regular routing with opens, dangling Wire.
Net cts_opt_net_FE_OFN2983_place_opt_net_FE_OFN60_place_opt_net_FE_DBTN0_n_2948: has an unconnected terminal, has regular routing with opens.
Net cts_opt_net_FE_OFN2991_place_opt_net_FE_OFN3_s_ready: has an unconnected terminal, has regular routing with opens, dangling Wire.
Net n_4537: has an unconnected terminal, has regular routing with opens, dangling Wire.
Net place_opt_net_FE_OFN114_n: has an unconnected terminal, has regular routing with opens, dangling Wire.
Net cts_opt_net_FE_OFN2992_place_opt_net_FE_OFN3_s_ready: has an unconnected terminal, has regular routing with opens, dangling Wire.
Net n_4556: has an unconnected terminal, has regular routing with opens, dangling Wire.
Net place_opt_net_FE_OFN3_s_ready: has an unconnected terminal, has regular routing with opens.
Net n_5994: has an unconnected terminal, has regular routing with opens, dangling Wire.
Net cts_opt_net_FE_OFN2999_n_239: has an unconnected terminal, has regular routing with opens, dangling Wire.
Net place_opt_net_FE_DBTN0_n_2948: has an unconnected terminal, has regular routing with opens, dangling Wire.
Net cts_opt_net_FE_PHN438_TRI_K_buffer_3_6_5: has an unconnected terminal, has regular routing with opens, dangling Wire.
Net cts_opt_net_FE_OFN2986_place_opt_net_FE_OFN60_place_opt_net_FE_DBTN0_n_2948: has an unconnected terminal, has regular routing with opens.
Net place_opt_net_FE_OFN54_MR_3__MC_6__MUL_mul_15_35_n_0: has an unconnected terminal, has regular routing with opens, dangling Wire.
Net cts_opt_net_FE_OFN2978_place_opt_net_FE_OFN60_place_opt_net_FE_DBTN0_n_2948: has an unconnected terminal, has regular routing with opens, dangling Wire.
Net cts_opt_net_FE_OFN2990_place_opt_net_FE_OFN60_place_opt_net_FE_DBTN0_n_2948: has an unconnected terminal, has regular routing with opens, dangling Wire.
Net cts_opt_net_FE_OFN2994_place_opt_net_FE_OFN3_s_ready: has an unconnected terminal, has regular routing with opens, dangling Wire.
Net place_opt_net_FE_OFN42_MR_3__MC_6__MUL_mul_15_35_n_0: has an unconnected terminal, has regular routing with opens.
Net place_opt_net_FE_OFN37_MR_3__MC_6__MUL_mul_15_35_n_0: has an unconnected terminal, has regular routing with opens, dangling Wire.
Net cts_opt_net_FE_OFN2985_place_opt_net_FE_OFN60_place_opt_net_FE_DBTN0_n_2948: has an unconnected terminal, has regular routing with opens.
Net CTS_11: has an unconnected terminal, has regular routing with opens, dangling Wire.
Net cts_opt_net_FE_OFN2977_place_opt_net_FE_OFN60_place_opt_net_FE_DBTN0_n_2948: has an unconnected terminal, has regular routing with opens, dangling Wire.
Net cts_opt_net_FE_OFN2989_place_opt_net_FE_OFN60_place_opt_net_FE_DBTN0_n_2948: has an unconnected terminal, has regular routing with opens, dangling Wire.
Net cts_opt_net_FE_PHN2214_n_4308: has an unconnected terminal, has regular routing with opens, dangling Wire.
Net place_opt_net_FE_OFN62_place_opt_net_FE_DBTN0_n_2948: has an unconnected terminal, has regular routing with opens, dangling Wire.
Net cts_opt_net_FE_PHN2510_n_1077: has an unconnected terminal, has regular routing with opens, dangling Wire.
Net cts_opt_net_FE_OFN2981_place_opt_net_FE_OFN60_place_opt_net_FE_DBTN0_n_2948: has an unconnected terminal, has regular routing with opens, dangling Wire.
Net cts_opt_net_FE_PHN2550_n_2138: dangling Wire.
Net CTS_78: has an unconnected terminal, has regular routing with opens, dangling Wire.
Net cts_opt_net_FE_OFN2976_place_opt_net_FE_OFN60_place_opt_net_FE_DBTN0_n_2948: has an unconnected terminal, has regular routing with opens, dangling Wire.
Net place_opt_net_FE_OFN59_place_opt_net_FE_DBTN0_n_2948: has an unconnected terminal, has regular routing with opens, dangling Wire.
Net cts_opt_net_FE_OFN2982_place_opt_net_FE_OFN60_place_opt_net_FE_DBTN0_n_2948: has an unconnected terminal, has regular routing with opens.
Net CTS_103: has an unconnected terminal, has regular routing with opens, dangling Wire.
Net cts_opt_net_FE_PHN3190_n_3870: has an unconnected terminal, has regular routing with opens, dangling Wire.
Net cts_opt_net_FE_OFN2984_place_opt_net_FE_OFN60_place_opt_net_FE_DBTN0_n_2948: has an unconnected terminal, has regular routing with opens.
Net cts_opt_net_FE_PHN3254_n_4300: has an unconnected terminal, has regular routing with opens, dangling Wire.
Net CTS_38: has an unconnected terminal, has regular routing with opens, dangling Wire.
Net cts_opt_net_FE_PHN3414_n_4417: has an unconnected terminal, has regular routing with opens, dangling Wire.
Net cts_opt_net_FE_PHN3422_n_3630: has an unconnected terminal, has regular routing with opens, dangling Wire.
Net sx_data[1][1]: Found a geometry with bounding box (96.00,137.47) (96.05,159.77) outside the design boundary.
Violations for such geometries will be reported.
Net cts_opt_net_FE_OFN3002_n_2968: has an unconnected terminal, has regular routing with opens, dangling Wire.
Net cts_opt_net_FE_OFN2974_place_opt_net_FE_OFN60_place_opt_net_FE_DBTN0_n_2948: has an unconnected terminal, has regular routing with opens, dangling Wire.
Net cts_opt_net_FE_OFN2993_place_opt_net_FE_OFN3_s_ready: has an unconnected terminal, has regular routing with opens, dangling Wire.
Net ki[1][3][0]: has an unconnected terminal, has regular routing with opens, dangling Wire.
Net cts_opt_net_FE_PHN289_n_2532: has an unconnected terminal, has regular routing with opens, dangling Wire.
Net ki[2][2][4]: has an unconnected terminal, has regular routing with opens, dangling Wire.
Net xi[2][2][0]: has an unconnected terminal, has regular routing with opens, dangling Wire.
Net CTS_82: has an unconnected terminal, has regular routing with opens, dangling Wire.
Net cts_opt_net_FE_OFN3001_n_258: has an unconnected terminal, has regular routing with opens, dangling Wire.
Net ao[1][1][11]: has an unconnected terminal, has regular routing with opens, dangling Wire.
Net mo[1][3][3]: has an unconnected terminal, has regular routing with opens, dangling Wire.
Net cts_opt_net_FE_OFN3000_n_241: has an unconnected terminal, has regular routing with opens.
Net mo[0][1][3]: has an unconnected terminal, has regular routing with opens, dangling Wire.
Net mo[2][3][11]: has an unconnected terminal, has regular routing with opens.
Net cts_opt_net_FE_OFN2997_AR_0__AC_2__ACC_add_31_50_n_0: has an unconnected terminal, has regular routing with opens.
Net ki[3][5][3]: has an unconnected terminal, has regular routing with opens, dangling Wire.
Net xi[2][5][3]: has an unconnected terminal, has regular routing with opens, dangling Wire.
Net cts_opt_net_FE_OFN2998_n_237: has an unconnected terminal, has regular routing with opens, dangling Wire.
Net cts_opt_net_FE_OFN3005_n_2981: has an unconnected terminal, has regular routing with opens, dangling Wire.
Net ao[2][3][15]: has an unconnected terminal, has regular routing with opens, dangling Wire.
Net cts_opt_net_FE_PHN1047_n_4543: has an unconnected terminal, has regular routing with opens, dangling Wire.
Net AR[1].AC[0].ACC_n_129: has an unconnected terminal, has regular routing with opens, dangling Wire.
Net AR[1].AC[1].ACC_add_31_50_n_17: has an unconnected terminal, has regular routing with opens, dangling Wire.
Net cts_opt_net_FE_PHN2097_n_4300: has an unconnected terminal, has regular routing with opens, dangling Wire.
Net cts_opt_net_FE_PHN2241_n_4299: has an unconnected terminal, has regular routing with opens, dangling Wire.
Net MR[0].MC[1].MUL_mul_15_35_n_28: has an unconnected terminal, has regular routing with opens, dangling Wire.
Net cts_opt_net_FE_PHN2112_n_3580: has an unconnected terminal, has regular routing with opens, dangling Wire.
Net MR[0].MC[4].MUL_n_26: has an unconnected terminal, has regular routing with opens, dangling Wire.
Net cts_opt_net_FE_PHN2079_n_3584: has an unconnected terminal, has regular routing with opens, dangling Wire.
Net MR[1].MC[0].MUL_mul_15_35_n_18: has an unconnected terminal, has regular routing with opens, dangling Wire.
Net cts_opt_net_FE_PHN2159_n_3587: has an unconnected terminal, has regular routing with opens, dangling Wire.
Net MR[1].MC[1].MUL_n_26: has an unconnected terminal, has regular routing with opens, dangling Wire.
Net cts_opt_net_FE_PHN1884_n_2098: dangling Wire.
Net cts_opt_net_FE_PHN2977_n_3584: has an unconnected terminal, has regular routing with opens, dangling Wire.
Net cts_opt_net_FE_PHN2221_n_3875: has an unconnected terminal, has regular routing with opens, dangling Wire.
Net cts_opt_net_FE_PHN2228_n_3882: has an unconnected terminal, has regular routing with opens, dangling Wire.
Net MR[2].MC[1].MUL_mul_15_35_n_55: has an unconnected terminal, has regular routing with opens, dangling Wire.
Net cts_opt_net_FE_PHN2236_n_3890: has an unconnected terminal, has regular routing with opens, dangling Wire.
Net cts_opt_net_FE_PHN3064_n_1616: has an unconnected terminal, has regular routing with opens, dangling Wire.
Net cts_opt_net_FE_PHN3417_n_4330: has an unconnected terminal, has regular routing with opens, dangling Wire.
Net MR[2].MC[4].MUL_n_20: has an unconnected terminal, has regular routing with opens, dangling Wire.
Net cts_opt_net_FE_PHN3425_n_3875: has an unconnected terminal, has regular routing with opens, dangling Wire.
Net cts_opt_net_FE_PHN3433_n_1230: has an unconnected terminal, has regular routing with opens, dangling Wire.
Net MR[2].MC[5].MUL_mul_15_35_n_61: has an unconnected terminal, has regular routing with opens, dangling Wire.
Net s_last: Found a geometry with bounding box (118.00,132.72) (118.05,159.77) outside the design boundary.
Violations for such geometries will be reported.
Net cts_opt_net_FE_PHN2492_n_1616: has an unconnected terminal, has regular routing with opens, dangling Wire.
Net cts_opt_net_FE_PHN3424_n_3567: has an unconnected terminal, has regular routing with opens, dangling Wire.
Net m_ready: Found a geometry with bounding box (153.40,17.98) (200.22,18.03) outside the design boundary.
Violations for such geometries will be reported.
Net m_ready: has an unconnected terminal, has regular routing with opens, dangling Wire.
Net MR[3].MC[1].MUL_mul_15_35_n_3: has an unconnected terminal, has regular routing with opens, dangling Wire.
Net cts_opt_net_FE_PHN2813_n_4045: has an unconnected terminal, has regular routing with opens, dangling Wire.
Net cts_opt_net_FE_PHN3223_n_3882: has an unconnected terminal, has regular routing with opens, dangling Wire.
Net cts_opt_net_FE_PHN2901_n_4543: has an unconnected terminal, has regular routing with opens, dangling Wire.
Net cts_opt_net_FE_PHN3263_n_4417: has an unconnected terminal, has regular routing with opens, dangling Wire.
Net cts_opt_net_FE_PHN3271_n_3630: has an unconnected terminal, has regular routing with opens, dangling Wire.
Net cts_opt_net_FE_PHN2949_n_4308: has an unconnected terminal, has regular routing with opens, dangling Wire.
Net xi[2][2][3]: has an unconnected terminal, has regular routing with opens, dangling Wire.
Net cts_opt_net_FE_PHN2965_n_4333: has an unconnected terminal, has regular routing with opens, dangling Wire.
Net cts_opt_net_FE_PHN2956_n_3869: has an unconnected terminal, has regular routing with opens, dangling Wire.
Net cts_opt_net_FE_PHN3415_n_4321: has an unconnected terminal, has regular routing with opens, dangling Wire.
Net cts_opt_net_FE_PHN2988_n_4299: has an unconnected terminal, has regular routing with opens, dangling Wire.
Net ki[2][2][6]: has an unconnected terminal, has regular routing with opens, dangling Wire.
Net cts_opt_net_FE_PHN3431_n_3666: has an unconnected terminal, has regular routing with opens, dangling Wire.
Net s_ready: Found a geometry with bounding box (-0.03,143.78) (26.64,143.83) outside the design boundary.
Violations for such geometries will be reported.
Net cts_opt_net_FE_PHN3213_n_4330: has an unconnected terminal, has regular routing with opens, dangling Wire.
Net cts_opt_net_FE_PHN3100_n_1077: has an unconnected terminal, has regular routing with opens, dangling Wire.
Net n_201: has an unconnected terminal, has regular routing with opens, dangling Wire.
Net xi[2][2][2]: has an unconnected terminal, has regular routing with opens, dangling Wire.
Net s_ready: has an unconnected terminal, has regular routing with opens, dangling Wire.
Net cts_opt_net_FE_PHN3228_n_4321: has an unconnected terminal, has regular routing with opens, dangling Wire.
Net n_244: has an unconnected terminal, has regular routing with opens, dangling Wire.
Net cts_opt_net_FE_PHN3413_n_4300: has an unconnected terminal, has regular routing with opens, dangling Wire.
Net cts_opt_net_FE_PHN3236_n_4297: has an unconnected terminal, has regular routing with opens, dangling Wire.
Net cts_opt_net_FE_PHN3421_n_3882: has an unconnected terminal, has regular routing with opens, dangling Wire.
Net m_last: Found a geometry with bounding box (153.69,13.97) (200.22,14.03) outside the design boundary.
Violations for such geometries will be reported.
Net ao[1][0][9]: has an unconnected terminal, has regular routing with opens, dangling Wire.
Net cts_opt_net_FE_PHN3420_n_4324: has an unconnected terminal, has regular routing with opens, dangling Wire.
Net cts_opt_net_FE_PHN3428_n_3890: has an unconnected terminal, has regular routing with opens, dangling Wire.
Net sx_data[0][3]: Found a geometry with bounding box (84.00,138.28) (84.05,159.77) outside the design boundary.
Violations for such geometries will be reported.
Net ki[1][3][1]: has an unconnected terminal, has regular routing with opens, dangling Wire.
Net mo[2][2][1]: has an unconnected terminal, has regular routing with opens, dangling Wire.
Net mo[0][4][9]: has an unconnected terminal, has regular routing with opens, dangling Wire.
Net ao[1][1][12]: has an unconnected terminal, has regular routing with opens, dangling Wire.
Net xi[1][1][2]: has an unconnected terminal, has regular routing with opens, dangling Wire.
Net ki[2][2][3]: has an unconnected terminal, has regular routing with opens, dangling Wire.
Net mo[2][4][9]: has an unconnected terminal, has regular routing with opens, dangling Wire.
Net ki[3][1][7]: has an unconnected terminal, has regular routing with opens, dangling Wire.
Net ao[1][0][8]: has an unconnected terminal, has regular routing with opens, dangling Wire.
Net ki[3][5][5]: has an unconnected terminal, has regular routing with opens, dangling Wire.
Net ki[2][2][2]: has an unconnected terminal, has regular routing with opens, dangling Wire.
Net mo[1][3][4]: has an unconnected terminal, has regular routing with opens, dangling Wire.
Net xi[3][1][2]: has an unconnected terminal, has regular routing with opens, dangling Wire.
Net xi[1][1][1]: has an unconnected terminal, has regular routing with opens, dangling Wire.
Net n_1505: has an unconnected terminal, has regular routing with opens, dangling Wire.
Net mo[0][1][2]: has an unconnected terminal, has regular routing with opens, dangling Wire.
Net ro[1][0][9]: has an unconnected terminal, has regular routing with opens, dangling Wire.
Net ki[3][5][4]: has an unconnected terminal, has regular routing with opens, dangling Wire.
Net ki[2][5][4]: has an unconnected terminal, has regular routing with opens, dangling Wire.
Net xi[3][2][2]: has an unconnected terminal, has regular routing with opens, dangling Wire.
Net mo[3][4][1]: has an unconnected terminal, has regular routing with opens, dangling Wire.
Net mo[2][4][5]: has an unconnected terminal, has regular routing with opens, dangling Wire.
Net ao[1][3][1]: has an unconnected terminal, has regular routing with opens, dangling Wire.
Net AR[1].AC[1].ACC_add_31_50_n_14: has an unconnected terminal, has regular routing with opens, dangling Wire.
Net xi[1][7][1]: has an unconnected terminal, has regular routing with opens, dangling Wire.
Net AR[1].AC[1].ACC_n_125: has an unconnected terminal, has regular routing with opens, dangling Wire.
Net AR[1].AC[4].ACC_n_129: has an unconnected terminal, has regular routing with opens, dangling Wire.
Net ao[0][6][0]: has an unconnected terminal, has regular routing with opens, dangling Wire.
Net ao[1][3][6]: has an unconnected terminal, has regular routing with opens, dangling Wire.
Net AR[1].AC[0].ACC_n_127: has an unconnected terminal, has regular routing with opens, dangling Wire.
Net mo[3][7][2]: has an unconnected terminal, has regular routing with opens, dangling Wire.
Net AR[2].AC[3].ACC_n_122: has an unconnected terminal, has regular routing with opens, dangling Wire.
Net ao[1][3][5]: has an unconnected terminal, has regular routing with opens, dangling Wire.
Net AR[0].AC[2].ACC_add_31_50_n_0: has an unconnected terminal, has regular routing with opens.
Net AR[1].AC[1].ACC_n_48: has an unconnected terminal, has regular routing with opens, dangling Wire.
Net AR[1].AC[1].ACC_n_126: has an unconnected terminal, has regular routing with opens, dangling Wire.
Net AR[1].AC[3].ACC_n_131: has an unconnected terminal, has regular routing with opens, dangling Wire.
Net AR[0].AC[2].ACC_n_156: has an unconnected terminal, has regular routing with opens, dangling Wire.
Net AR[3].AC[7].ACC_add_31_50_n_4: has an unconnected terminal, has regular routing with opens, dangling Wire.
Net AR[1].AC[0].ACC_n_128: has an unconnected terminal, has regular routing with opens, dangling Wire.
Net AR[1].AC[3].ACC_n_132: has an unconnected terminal, has regular routing with opens, dangling Wire.
Net AR[1].AC[0].ACC_n_45: has an unconnected terminal, has regular routing with opens, dangling Wire.
Net MR[0].MC[1].MUL_n_18: has an unconnected terminal, has regular routing with opens, dangling Wire.
Net AR[1].AC[0].ACC_n_44: has an unconnected terminal, has regular routing with opens, dangling Wire.
Net AR[1].AC[0].ACC_n_130: has an unconnected terminal, has regular routing with opens, dangling Wire.
Net MR[0].MC[4].MUL_mul_15_35_n_55: has an unconnected terminal, has regular routing with opens, dangling Wire.
Net AR[1].AC[6].ACC_n_132: has an unconnected terminal, has regular routing with opens, dangling Wire.
Net MR[0].MC[1].MUL_mul_15_35_n_34: has an unconnected terminal, has regular routing with opens, dangling Wire.
Net AR[2].AC[3].ACC_add_31_50_n_321: has an unconnected terminal, has regular routing with opens, dangling Wire.
Net MR[1].MC[1].MUL_mul_15_35_n_55: has an unconnected terminal, has regular routing with opens, dangling Wire.
Net AR[2].AC[4].ACC_n_134: has an unconnected terminal, has regular routing with opens, dangling Wire.
Net MR[0].MC[4].MUL_n_24: has an unconnected terminal, has regular routing with opens, dangling Wire.
Net MR[0].MC[0].MUL_mul_15_35_n_14: has an unconnected terminal, has regular routing with opens, dangling Wire.
Net MR[0].MC[0].MUL_mul_15_35_n_55: has an unconnected terminal, has regular routing with opens, dangling Wire.
Net MR[0].MC[1].MUL_mul_15_35_n_30: has an unconnected terminal, has regular routing with opens, dangling Wire.
Net MR[1].MC[3].MUL_n_22: has an unconnected terminal, has regular routing with opens, dangling Wire.
Net MR[2].MC[2].MUL_mul_15_35_n_9: has an unconnected terminal, has regular routing with opens, dangling Wire.
Net MR[1].MC[0].MUL_n_26: has an unconnected terminal, has regular routing with opens, dangling Wire.
Net MR[2].MC[2].MUL_mul_15_35_n_77: has an unconnected terminal, has regular routing with opens, dangling Wire.
Net MR[1].MC[7].MUL_mul_15_35_n_25: has an unconnected terminal, has regular routing with opens, dangling Wire.
Net MR[1].MC[3].MUL_mul_15_35_n_55: has an unconnected terminal, has regular routing with opens, dangling Wire.
Net MR[2].MC[5].MUL_mul_15_35_n_6: has an unconnected terminal, has regular routing with opens, dangling Wire.
Net MR[1].MC[3].MUL_n_23: has an unconnected terminal, has regular routing with opens, dangling Wire.
Net MR[2].MC[5].MUL_mul_15_35_n_15: has an unconnected terminal, has regular routing with opens, dangling Wire.
Net MR[1].MC[0].MUL_mul_15_35_n_28: has an unconnected terminal, has regular routing with opens, dangling Wire.
Net MR[2].MC[2].MUL_mul_15_35_n_18: has an unconnected terminal, has regular routing with opens, dangling Wire.
Net MR[2].MC[2].MUL_mul_15_35_n_62: has an unconnected terminal, has regular routing with opens, dangling Wire.
Net MR[1].MC[3].MUL_n_18: has an unconnected terminal, has regular routing with opens, dangling Wire.
Net MR[1].MC[3].MUL_n_26: has an unconnected terminal, has regular routing with opens, dangling Wire.
Net MR[2].MC[5].MUL_mul_15_35_n_16: has an unconnected terminal, has regular routing with opens, dangling Wire.
Net MR[2].MC[2].MUL_mul_15_35_n_28: has an unconnected terminal, has regular routing with opens, dangling Wire.
Net MR[2].MC[2].MUL_mul_15_35_n_71: has an unconnected terminal, has regular routing with opens, dangling Wire.
Net MR[2].MC[2].MUL_mul_15_35_n_65: has an unconnected terminal, has regular routing with opens, dangling Wire.
Net MR[2].MC[5].MUL_mul_15_35_n_60: has an unconnected terminal, has regular routing with opens, dangling Wire.
Net MR[3].MC[1].MUL_mul_15_35_n_17: has an unconnected terminal, has regular routing with opens, dangling Wire.
Net MR[2].MC[2].MUL_n_16: has an unconnected terminal, has regular routing with opens, dangling Wire.
Net MR[3].MC[7].MUL_mul_15_35_n_65: has an unconnected terminal, has regular routing with opens, dangling Wire.
Net MR[2].MC[5].MUL_mul_15_35_n_3: has an unconnected terminal, has regular routing with opens, dangling Wire.
Net MR[2].MC[5].MUL_mul_15_35_n_51: has an unconnected terminal, has regular routing with opens, dangling Wire.
Net n_241: has an unconnected terminal, has regular routing with opens.
Net MR[3].MC[1].MUL_mul_15_35_n_29: has an unconnected terminal, has regular routing with opens, dangling Wire.
Net MR[3].MC[1].MUL_n_22: has an unconnected terminal, has regular routing with opens, dangling Wire.
Net n_249: has an unconnected terminal, has regular routing with opens, dangling Wire.
Net MR[3].MC[7].MUL_mul_15_35_n_41: has an unconnected terminal, has regular routing with opens, dangling Wire.
Net MR[3].MC[1].MUL_mul_15_35_n_30: has an unconnected terminal, has regular routing with opens, dangling Wire.
Net MR[3].MC[7].MUL_mul_15_35_n_66: has an unconnected terminal, has regular routing with opens, dangling Wire.
Net MR[3].MC[7].MUL_mul_15_35_n_76: has an unconnected terminal, has regular routing with opens, dangling Wire.
Net MR[3].MC[7].MUL_mul_15_35_n_78: has an unconnected terminal, has regular routing with opens, dangling Wire.
Net n_262: has an unconnected terminal, has regular routing with opens, dangling Wire.
Net n_263: has an unconnected terminal, has regular routing with opens, dangling Wire.
Net MR[3].MC[7].MUL_mul_15_35_n_53: has an unconnected terminal, has regular routing with opens, dangling Wire.
Net n_245: has an unconnected terminal, has regular routing with opens, dangling Wire.
Net n_273: has an unconnected terminal, has regular routing with opens, dangling Wire.
Net n_246: has an unconnected terminal, has regular routing with opens, dangling Wire.
Net n_1230: has an unconnected terminal, has regular routing with opens, dangling Wire.
Net n_258: has an unconnected terminal, has regular routing with opens.
Net n_266: has an unconnected terminal, has regular routing with opens, dangling Wire.
Net n_1422: has an unconnected terminal, has regular routing with opens, dangling Wire.
Net n_1280: has an unconnected terminal, has regular routing with opens, dangling Wire.
Net n_2077: has an unconnected terminal, has regular routing with opens, dangling Wire.
Net n_1331: has an unconnected terminal, has regular routing with opens, dangling Wire.
Net cts_opt_net_FE_OFN2995_place_opt_net_FE_OFN3_s_ready: has an unconnected terminal, has regular routing with opens, dangling Wire.
Net place_opt_net_FE_OFN9_s_ready: has an unconnected terminal, has regular routing with opens, dangling Wire.
Net place_opt_net_FE_OFN32_MR_3__MC_6__MUL_mul_15_35_n_0: has an unconnected terminal, has regular routing with opens, dangling Wire.
Net place_opt_net_FE_OFN41_MR_3__MC_6__MUL_mul_15_35_n_0: has an unconnected terminal, has regular routing with opens, dangling Wire.
Net cts_opt_net_FE_OFN2987_place_opt_net_FE_OFN60_place_opt_net_FE_DBTN0_n_2948: has an unconnected terminal, has regular routing with opens.
Net cts_opt_net_FE_OFN2988_place_opt_net_FE_OFN60_place_opt_net_FE_DBTN0_n_2948: has an unconnected terminal, has regular routing with opens.
Net CTS_1: has an unconnected terminal, has regular routing with opens, dangling Wire.
Net cts_opt_net_FE_OFN2980_place_opt_net_FE_OFN60_place_opt_net_FE_DBTN0_n_2948: has an unconnected terminal, has regular routing with opens.
Net CTS_33: has an unconnected terminal, has regular routing with opens, dangling Wire.
Net cts_opt_net_FE_OFN3003_n_2968: has an unconnected terminal, has regular routing with opens.
Net CTS_41: has an unconnected terminal, has regular routing with opens, dangling Wire.
Net cts_opt_net_FE_OFN2996_r_valid_3: has an unconnected terminal, has regular routing with opens, dangling Wire.
Net cts_opt_net_FE_OFN3004_n_2979: has an unconnected terminal, has regular routing with opens, dangling Wire.
Net cts_opt_net_FE_PHN379_n_2490: has an unconnected terminal, has regular routing with opens, dangling Wire.
Net cts_opt_net_FE_PHN2986_n_3615: has an unconnected terminal, has regular routing with opens, dangling Wire.
Net cts_opt_net_FE_PHN3066_n_2135: dangling Wire.
Net cts_opt_net_FE_PHN3274_n_3567: has an unconnected terminal, has regular routing with opens, dangling Wire.
Net cts_opt_net_FE_PHN3426_n_2490: has an unconnected terminal, has regular routing with opens, dangling Wire.
Net cts_opt_net_FE_PHN3434_n_3615: has an unconnected terminal, has regular routing with opens, dangling Wire.
Net s_valid: Found a geometry with bounding box (116.00,139.22) (116.05,159.77) outside the design boundary.
Violations for such geometries will be reported.
Net cts_opt_net_FE_PHN2203_n_4333: has an unconnected terminal, has regular routing with opens, dangling Wire.
Net xi[0][1][0]: has an unconnected terminal, has regular routing with opens, dangling Wire.
Net xi[1][3][0]: has an unconnected terminal, has regular routing with opens, dangling Wire.
Net xi[3][1][0]: has an unconnected terminal, has regular routing with opens, dangling Wire.
Net r_valid[2]: has an unconnected terminal, has regular routing with opens, dangling Wire.
Net cts_opt_net_FE_PHN3427_n_2532: has an unconnected terminal, has regular routing with opens, dangling Wire.
Net cts_opt_net_FE_PHN3435_n_4323: has an unconnected terminal, has regular routing with opens, dangling Wire.
Net rstn: Found a geometry with bounding box (82.00,139.47) (82.05,159.77) outside the design boundary.
Violations for such geometries will be reported.
Net ao[1][0][11]: has an unconnected terminal, has regular routing with opens, dangling Wire.
Net m_first[9]: has an unconnected terminal, has regular routing with opens, dangling Wire.
Net mo[3][1][7]: has an unconnected terminal, has regular routing with opens, dangling Wire.
Net mo[1][3][7]: has an unconnected terminal, has regular routing with opens, dangling Wire.
Net mo[0][4][11]: has an unconnected terminal, has regular routing with opens, dangling Wire.
Net xi[0][1][1]: has an unconnected terminal, has regular routing with opens, dangling Wire.
Net xi[1][3][1]: has an unconnected terminal, has regular routing with opens, dangling Wire.
Net ki[1][6][7]: has an unconnected terminal, has regular routing with opens, dangling Wire.
Net xi[3][1][1]: has an unconnected terminal, has regular routing with opens, dangling Wire.
Net ki[3][5][7]: has an unconnected terminal, has regular routing with opens, dangling Wire.
Net r_valid[3]: has an unconnected terminal, has regular routing with opens.
Net xi[1][1][3]: has an unconnected terminal, has regular routing with opens, dangling Wire.
Net r_last[0]: has an unconnected terminal, has regular routing with opens, dangling Wire.
Net ro[1][0][11]: has an unconnected terminal, has regular routing with opens, dangling Wire.
Net ao[2][1][12]: has an unconnected terminal, has regular routing with opens, dangling Wire.
Net mo[1][3][8]: has an unconnected terminal, has regular routing with opens, dangling Wire.
Net ao[2][4][3]: has an unconnected terminal, has regular routing with opens, dangling Wire.
Net xi[1][4][0]: has an unconnected terminal, has regular routing with opens, dangling Wire.
Net ki[1][7][0]: has an unconnected terminal, has regular routing with opens, dangling Wire.
Net ki[1][4][4]: has an unconnected terminal, has regular routing with opens, dangling Wire.
Net ro[2][0][12]: has an unconnected terminal, has regular routing with opens, dangling Wire.
Net AR[1].AC[0].ACC_n_47: has an unconnected terminal, has regular routing with opens, dangling Wire.
Net AR[1].AC[3].ACC_add_31_50_n_310: has an unconnected terminal, has regular routing with opens, dangling Wire.
Net ao[1][3][4]: has an unconnected terminal, has regular routing with opens, dangling Wire.
Net AR[2].AC[3].ACC_add_31_50_n_293: has an unconnected terminal, has regular routing with opens, dangling Wire.
Net MR[0].MC[0].MUL_mul_15_35_n_33: has an unconnected terminal, has regular routing with opens, dangling Wire.
Net MR[0].MC[0].MUL_n_26: has an unconnected terminal, has regular routing with opens, dangling Wire.
Net AR[1].AC[1].ACC_add_31_50_n_20: has an unconnected terminal.
**WARN: (IMPVFC-3):	Verify Connectivity stopped: Number of errors exceeds the limit 1000
Type 'man IMPVFC-3' for more detail.

Begin Summary 
    380 Problem(s) (IMPVFC-96): Terminal(s) are not connected.
    304 Problem(s) (IMPVFC-92): Pieces of the net are not connected together.
    316 Problem(s) (IMPVFC-94): The net has dangling wire(s).
    1000 total info(s) created.
End Summary

End Time: Tue Jun 24 07:50:48 2025
Time Elapsed: 0:00:00.0

******** End: VERIFY CONNECTIVITY ********
  Verification Complete : 1000 Viols.  0 Wrngs.
  (CPU Time: 0:00:00.8  MEM: 16.000M)

