VERIFY_CONNECTIVITY use new engine.

******** Start: VERIFY CONNECTIVITY ********
Start Time: Tue Jun 24 07:45:04 2025

Design Name: axis_sa
Database Units: 2000
Design Boundary: (0.0000, 0.0000) (200.2000, 159.7400)
Error Limit = 1000; Warning Limit = 50
Check specified nets
Use 8 pthreads
**WARN: (IMPVFC-96):	Instance pin A1 of net n_2565 has not been placed. Please make sure instance g44423 is placed and rerun check_connectivity.
**WARN: (IMPVFC-96):	Instance pin A1 of net n_2565 has not been placed. Please make sure instance g44020 is placed and rerun check_connectivity.
**WARN: (IMPVFC-96):	Instance pin A1 of net n_2565 has not been placed. Please make sure instance g43964 is placed and rerun check_connectivity.
**WARN: (IMPVFC-96):	Instance pin QN of net n_2565 has not been placed. Please make sure instance retime_s3_218_reg is placed and rerun check_connectivity.
**WARN: (IMPVFC-96):	Instance pin B0N of net n_2566 has not been placed. Please make sure instance g43733 is placed and rerun check_connectivity.
**WARN: (IMPVFC-96):	Instance pin B1 of net n_2566 has not been placed. Please make sure instance g41517 is placed and rerun check_connectivity.
**WARN: (IMPVFC-96):	Instance pin QN of net n_2566 has not been placed. Please make sure instance ro_reg[0][2][6] is placed and rerun check_connectivity.
**WARN: (IMPVFC-96):	Instance pin A1 of net n_2574 has not been placed. Please make sure instance g44011 is placed and rerun check_connectivity.
**WARN: (IMPVFC-96):	Instance pin A1 of net n_2574 has not been placed. Please make sure instance g43963 is placed and rerun check_connectivity.
**WARN: (IMPVFC-96):	Instance pin A1 of net n_2574 has not been placed. Please make sure instance g43747 is placed and rerun check_connectivity.
**WARN: (IMPVFC-96):	Instance pin QN of net n_2574 has not been placed. Please make sure instance retime_s3_176_reg is placed and rerun check_connectivity.
**WARN: (IMPVFC-96):	Instance pin B0N of net n_2582 has not been placed. Please make sure instance g43712 is placed and rerun check_connectivity.
**WARN: (IMPVFC-96):	Instance pin B1 of net n_2582 has not been placed. Please make sure instance g41726 is placed and rerun check_connectivity.
**WARN: (IMPVFC-96):	Instance pin QN of net n_2582 has not been placed. Please make sure instance ro_reg[0][1][8] is placed and rerun check_connectivity.
**WARN: (IMPVFC-96):	Instance pin B0N of net n_2590 has not been placed. Please make sure instance g43871 is placed and rerun check_connectivity.
**WARN: (IMPVFC-96):	Instance pin B0N of net n_2573 has not been placed. Please make sure instance g42799 is placed and rerun check_connectivity.
**WARN: (EMS-27):	Message (IMPVFC-96) has exceeded the current message display limit of 20.
To increase the message display limit, refer to the product command reference manual.
**WARN: (IMPVFC-96):	Instance pin B0N of net n_2567 has not been placed. Please make sure instance g43743 is placed and rerun check_connectivity.
**WARN: (IMPVFC-96):	Instance pin B0N of net n_2569 has not been placed. Please make sure instance g42798 is placed and rerun check_connectivity.
**WARN: (EMS-27):	Message (IMPVFC-96) has exceeded the current message display limit of 20.
To increase the message display limit, refer to the product command reference manual.
**WARN: (IMPVFC-96):	Instance pin B0N of net n_2570 has not been placed. Please make sure instance g42811 is placed and rerun check_connectivity.
**WARN: (IMPVFC-96):	Instance pin B0N of net n_2568 has not been placed. Please make sure instance g43695 is placed and rerun check_connectivity.

Begin Summary 
  Found no problems or warnings.
End Summary

End Time: Tue Jun 24 07:45:04 2025
Time Elapsed: 0:00:00.0

******** End: VERIFY CONNECTIVITY ********
  Verification Complete : 0 Viols.  0 Wrngs.
  (CPU Time: 0:00:00.2  MEM: 8.000M)

