============================================================
  Generated by:           Genus(TM) Synthesis Solution 23.13-s073_1
  Generated on:           Jun 11 2025  01:26:59 pm
  Module:                 axis_sa
  Library domain:         wc_timing_condition
    Domain index:         0
    Technology library:   sc9mcpp140z_cln28ht_base_ulvt_c35_ssg_cworstt_max_0p72v_125c 1.0
  Operating conditions:   ssg_cworstt_max_0p72v_125c 
  Interconnect mode:      global
  Area mode:              physical library
============================================================

-------------------------------------------------------------------------------
Sequential clock pins without clock waveform

The following sequential clock pins have no clock waveform driving them in mode 
'wc_analysis_view'.  No timing constraints will be derived for paths leading to 
or from these pins. (Pin | Source | Reason)                                     

{pin:axis_sa/AR[0].AC[0].ACC/a_reg[0]/clk} port:axis_sa/clk {Unclocked source}
{pin:axis_sa/AR[0].AC[0].ACC/a_reg[10]/clk} port:axis_sa/clk {Unclocked source}
{pin:axis_sa/AR[0].AC[0].ACC/a_reg[11]/clk} port:axis_sa/clk {Unclocked source}
  ... 2026 other warnings in this category.
 Use the -verbose option for more details.
-------------------------------------------------------------------------------

-------------------------------------------------------------------------------
Timing exceptions with no effect

The following timing exceptions are not currently affecting timing in the       
design in mode 'wc_analysis_view'.  Either no paths in the design satisfy the   
exception's path specification, or all paths that satisfy the path              
specification also satisfy an exception with a higher priority.  You can        
improve runtime and memory usage by removing these exceptions if they are not   
truly needed.  To see if there is a path in the design that satisfies the path  
specification for an exception, or to see what other exception is overriding an 
exception because of priority, use the command:                                 
  report timing -paths [eval [::legacy::get_attribute paths <exception>]]

exception:axis_sa/wc_analysis_view/CLK
-------------------------------------------------------------------------------

-------------------------------------------------------------------------------
Inputs without clocked external delays

The following primary inputs have no clocked external delays in mode            
'wc_analysis_view'.  As a result the timing paths leading from the ports have   
no timing constraints derived from clock waveforms.  The'external_delay'        
command is used to create new external delays.                                  

port:axis_sa/clk
-------------------------------------------------------------------------------

-------------------------------------------------------------------------------
Outputs without external load

The following primary outputs have no external load set  in mode                
'wc_analysis_view'. As a result the load on the ports will be assumed as zero.  
The 'external_pin_cap' attribute is used to add and external pin cap.           

port:axis_sa/m_data[0][0]
port:axis_sa/m_data[0][10]
port:axis_sa/m_data[0][11]
  ... 64 other warnings in this category.
 Use the -verbose option for more details.
-------------------------------------------------------------------------------


Lint summary
 Unconnected/logic driven clocks                                                           0
 Sequential data pins driven by a clock signal                                             0
 Sequential clock pins without clock waveform                                           2029
 Sequential clock pins with multiple clock waveforms                                       0
 Generated clocks without clock waveform                                                   0
 Generated clocks with incompatible options                                                0
 Generated clocks with multi-master clock                                                  0
 Generated clocks with master clock not reaching the generated clock target                0
 Paths constrained with different clocks                                                   0
 Loop-breaking cells for combinational feedback                                            0
 Nets with multiple drivers                                                                0
 Timing exceptions with no effect                                                          1
 Suspicious multi_cycle exceptions                                                         0
 Pins/ports with conflicting case constants                                                0
 Inputs without clocked external delays                                                    1
 Outputs without clocked external delays                                                   0
 Inputs without external driver/transition                                                 0
 Outputs without external load                                                            67
 Exceptions with invalid timing start-/endpoints                                           0

                                                                           Total:       2098

