============================================================
  Generated by:           Genus(TM) Synthesis Solution 23.13-s073_1
  Generated on:           Jun 24 2025  07:06:38 am
  Module:                 axis_sa
  Operating conditions:   ssg_cworstt_max_0p72v_125c 
  Interconnect mode:      global
  Area mode:              physical library
============================================================

Timing
--------

  Analysis view  Clock Period 
------------------------------
wc_analysis_view CLK   2000.0 


    Analysis       Cost   Critical        Violating 
      View        Group  Path Slack  TNS    Paths   
----------------------------------------------------
wc_analysis_view     CLK       16.2  0.0          0 
                 default   No paths  0.0          0 
                  in2out   No paths  0.0          0 
                  in2reg       15.8  0.0          0 
                 reg2out     1332.9  0.0          0 
                 reg2reg     1647.6  0.0          0 
----------------------------------------------------
Total                               -0.0          0 
                                                    

Instance Count
--------------
Leaf Instance Count             8359 
Physical Instance count         1076 
Sequential Instance Count       1856 
Combinational Instance Count    6503 
Hierarchical Instance Count        0 

Area
----
Cell Area                          9485.910
Physical Cell Area                 610.848
Total Cell Area (Cell+Physical)    10096.758
Net Area                           3756.906
Total Area (Cell+Physical+Net)     13853.664

Power
-----
Leakage Power                      2499570.059 nW
Dynamic Power                      5560218.349 nW
Total Power                        8059788.408 nW

Floorplan Utilization              51.11%
Max Fanout                         1856 (clk)
Min Fanout                         1 (AR[0].AC[0].ACC_n_36)
Average Fanout                     2.4
Terms to net ratio                 3.5340
Terms to instance ratio            4.0252
Runtime                            533.3713759999966 seconds
Elapsed Runtime                    713 seconds
Genus peak memory usage            3400.50 
Innovus peak memory usage          no_value 
Hostname                           mun
