============================================================
  Generated by:           Genus(TM) Synthesis Solution 23.13-s073_1
  Generated on:           Jun 24 2025  07:06:38 am
  Module:                 axis_sa
  Operating conditions:   ssg_cworstt_max_0p72v_125c 
  Interconnect mode:      global
  Area mode:              physical library
============================================================

                                                                                                                     Library 
              Gate               Instances    Area                               Library                              Domain 
-----------------------------------------------------------------------------------------------------------------------------
ADDF_X1M_A9PP140ZTUL_C35              1077  2171.232    sc9mcpp140z_cln28ht_base_ulvt_c35_ssg_cworstt_max_0p72v_125c       0 
AND2_X0P5B_A9PP140ZTUL_C35            1766   890.064    sc9mcpp140z_cln28ht_base_ulvt_c35_ssg_cworstt_max_0p72v_125c       0 
AND2_X0P7M_A9PP140ZTUL_C35               1     0.504    sc9mcpp140z_cln28ht_base_ulvt_c35_ssg_cworstt_max_0p72v_125c       0 
AND2_X1M_A9PP140ZTUL_C35                 2     1.008    sc9mcpp140z_cln28ht_base_ulvt_c35_ssg_cworstt_max_0p72v_125c       0 
AND2_X1P4B_A9PP140ZTUL_C35               2     1.260    sc9mcpp140z_cln28ht_base_ulvt_c35_ssg_cworstt_max_0p72v_125c       0 
AND3_X0P5M_A9PP140ZTUL_C35              22    13.860    sc9mcpp140z_cln28ht_base_ulvt_c35_ssg_cworstt_max_0p72v_125c       0 
AND4_X0P5M_A9PP140ZTUL_C35               1     0.756    sc9mcpp140z_cln28ht_base_ulvt_c35_ssg_cworstt_max_0p72v_125c       0 
AO1B2_X0P5M_A9PP140ZTUL_C35              1     0.630    sc9mcpp140z_cln28ht_base_ulvt_c35_ssg_cworstt_max_0p72v_125c       0 
AO21_X0P5M_A9PP140ZTUL_C35               3     2.268    sc9mcpp140z_cln28ht_base_ulvt_c35_ssg_cworstt_max_0p72v_125c       0 
AO22_X0P5M_A9PP140ZTUL_C35            1067   941.094    sc9mcpp140z_cln28ht_base_ulvt_c35_ssg_cworstt_max_0p72v_125c       0 
AOI21B_X0P5M_A9PP140ZTUL_C35             6     4.536    sc9mcpp140z_cln28ht_base_ulvt_c35_ssg_cworstt_max_0p72v_125c       0 
AOI21_X0P5M_A9PP140ZTUL_C35             52    26.208    sc9mcpp140z_cln28ht_base_ulvt_c35_ssg_cworstt_max_0p72v_125c       0 
AOI22BB_X0P5M_A9PP140ZTUL_C35          384   338.688    sc9mcpp140z_cln28ht_base_ulvt_c35_ssg_cworstt_max_0p72v_125c       0 
AOI22_X0P5M_A9PP140ZTUL_C35             88    55.440    sc9mcpp140z_cln28ht_base_ulvt_c35_ssg_cworstt_max_0p72v_125c       0 
AOI2XB1_X0P5M_A9PP140ZTUL_C35            1     0.756    sc9mcpp140z_cln28ht_base_ulvt_c35_ssg_cworstt_max_0p72v_125c       0 
BUF_X4M_A9PP140ZTUL_C35                  1     0.882    sc9mcpp140z_cln28ht_base_ulvt_c35_ssg_cworstt_max_0p72v_125c       0 
CGENI_X1M_A9PP140ZTUL_C35               26    19.656    sc9mcpp140z_cln28ht_base_ulvt_c35_ssg_cworstt_max_0p72v_125c       0 
DFFRPQA_X1M_A9PP140ZTUL_C35           1357  2906.694    sc9mcpp140z_cln28ht_base_ulvt_c35_ssg_cworstt_max_0p72v_125c       0 
DFFRPQNA_X1M_A9PP140ZTUL_C35           499  1005.984    sc9mcpp140z_cln28ht_base_ulvt_c35_ssg_cworstt_max_0p72v_125c       0 
INV_X0P5B_A9PP140ZTUL_C35              161    40.572    sc9mcpp140z_cln28ht_base_ulvt_c35_ssg_cworstt_max_0p72v_125c       0 
INV_X0P5M_A9PP140ZTUL_C35                1     0.252    sc9mcpp140z_cln28ht_base_ulvt_c35_ssg_cworstt_max_0p72v_125c       0 
INV_X0P6M_A9PP140ZTUL_C35                4     1.008    sc9mcpp140z_cln28ht_base_ulvt_c35_ssg_cworstt_max_0p72v_125c       0 
INV_X0P7B_A9PP140ZTUL_C35                1     0.252    sc9mcpp140z_cln28ht_base_ulvt_c35_ssg_cworstt_max_0p72v_125c       0 
INV_X0P7M_A9PP140ZTUL_C35                3     0.756    sc9mcpp140z_cln28ht_base_ulvt_c35_ssg_cworstt_max_0p72v_125c       0 
INV_X1B_A9PP140ZTUL_C35                  1     0.252    sc9mcpp140z_cln28ht_base_ulvt_c35_ssg_cworstt_max_0p72v_125c       0 
INV_X1M_A9PP140ZTUL_C35                  1     0.252    sc9mcpp140z_cln28ht_base_ulvt_c35_ssg_cworstt_max_0p72v_125c       0 
INV_X1P4M_A9PP140ZTUL_C35                1     0.378    sc9mcpp140z_cln28ht_base_ulvt_c35_ssg_cworstt_max_0p72v_125c       0 
INV_X2M_A9PP140ZTUL_C35                  7     2.646    sc9mcpp140z_cln28ht_base_ulvt_c35_ssg_cworstt_max_0p72v_125c       0 
INV_X6M_A9PP140ZTUL_C35                  1     0.882    sc9mcpp140z_cln28ht_base_ulvt_c35_ssg_cworstt_max_0p72v_125c       0 
MXT2_X0P5B_A9PP140ZTUL_C35              61    53.802    sc9mcpp140z_cln28ht_base_ulvt_c35_ssg_cworstt_max_0p72v_125c       0 
MXT2_X0P5M_A9PP140ZTUL_C35               3     3.024    sc9mcpp140z_cln28ht_base_ulvt_c35_ssg_cworstt_max_0p72v_125c       0 
NAND2B_X0P5M_A9PP140ZTUL_C35            36    18.144    sc9mcpp140z_cln28ht_base_ulvt_c35_ssg_cworstt_max_0p72v_125c       0 
NAND2XB_X0P5M_A9PP140ZTUL_C35            4     2.016    sc9mcpp140z_cln28ht_base_ulvt_c35_ssg_cworstt_max_0p72v_125c       0 
NAND2XB_X0P7M_A9PP140ZTUL_C35            1     0.504    sc9mcpp140z_cln28ht_base_ulvt_c35_ssg_cworstt_max_0p72v_125c       0 
NAND2_X0P5A_A9PP140ZTUL_C35            641   242.298    sc9mcpp140z_cln28ht_base_ulvt_c35_ssg_cworstt_max_0p72v_125c       0 
NAND3_X0P5M_A9PP140ZTUL_C35              2     1.008    sc9mcpp140z_cln28ht_base_ulvt_c35_ssg_cworstt_max_0p72v_125c       0 
NAND3_X1A_A9PP140ZTUL_C35                1     0.504    sc9mcpp140z_cln28ht_base_ulvt_c35_ssg_cworstt_max_0p72v_125c       0 
NOR2XB_X0P5M_A9PP140ZTUL_C35            54    27.216    sc9mcpp140z_cln28ht_base_ulvt_c35_ssg_cworstt_max_0p72v_125c       0 
NOR2_X0P5A_A9PP140ZTUL_C35             144    54.432    sc9mcpp140z_cln28ht_base_ulvt_c35_ssg_cworstt_max_0p72v_125c       0 
NOR2_X0P7B_A9PP140ZTUL_C35               1     0.378    sc9mcpp140z_cln28ht_base_ulvt_c35_ssg_cworstt_max_0p72v_125c       0 
OA21A1OI2_X0P5M_A9PP140ZTUL_C35          3     1.890    sc9mcpp140z_cln28ht_base_ulvt_c35_ssg_cworstt_max_0p72v_125c       0 
OA21_X0P5M_A9PP140ZTUL_C35               1     0.756    sc9mcpp140z_cln28ht_base_ulvt_c35_ssg_cworstt_max_0p72v_125c       0 
OAI21B_X0P5M_A9PP140ZTUL_C35             6     4.536    sc9mcpp140z_cln28ht_base_ulvt_c35_ssg_cworstt_max_0p72v_125c       0 
OAI21_X0P5M_A9PP140ZTUL_C35             31    15.624    sc9mcpp140z_cln28ht_base_ulvt_c35_ssg_cworstt_max_0p72v_125c       0 
OAI22BB_X0P5M_A9PP140ZTUL_C35          284   250.488    sc9mcpp140z_cln28ht_base_ulvt_c35_ssg_cworstt_max_0p72v_125c       0 
OAI22_X0P5M_A9PP140ZTUL_C35            409   257.670    sc9mcpp140z_cln28ht_base_ulvt_c35_ssg_cworstt_max_0p72v_125c       0 
OAI2XB1_X0P5M_A9PP140ZTUL_C35            8     6.048    sc9mcpp140z_cln28ht_base_ulvt_c35_ssg_cworstt_max_0p72v_125c       0 
OAI31_X0P5M_A9PP140ZTUL_C35              9     5.670    sc9mcpp140z_cln28ht_base_ulvt_c35_ssg_cworstt_max_0p72v_125c       0 
OR2_X0P5M_A9PP140ZTUL_C35               12     6.048    sc9mcpp140z_cln28ht_base_ulvt_c35_ssg_cworstt_max_0p72v_125c       0 
XNOR2_X0P5M_A9PP140ZTUL_C35             72    54.432    sc9mcpp140z_cln28ht_base_ulvt_c35_ssg_cworstt_max_0p72v_125c       0 
XNOR3_X0P5M_A9PP140ZTUL_C35             28    42.336    sc9mcpp140z_cln28ht_base_ulvt_c35_ssg_cworstt_max_0p72v_125c       0 
XOR2_X0P5M_A9PP140ZTUL_C35              11     8.316    sc9mcpp140z_cln28ht_base_ulvt_c35_ssg_cworstt_max_0p72v_125c       0 
-----------------------------------------------------------------------------------------------------------------------------
total                                 8359  9485.910                                                                 


                                          
     Type      Instances    Area   Area % 
------------------------------------------
sequential          1856  3912.678   38.8 
inverter             181    47.250    0.5 
buffer                 1     0.882    0.0 
logic               6321  5525.100   54.7 
physical_cells      1076   610.848    6.0 
------------------------------------------
total               9435 10096.758  100.0 

